[1mPick one[m
[37m> [m[7;37mt[m[38;5;240mype to filter[m[38;5;240m                           [m
[1;36m❯ [m[1mCreate new issue[m                                    │ Preview of item A                                              
  Run query                                           │ second line                                                    
  Change default epic                                 │                                                                
  Configure                                           │                                                                
  Exit                                                │                                                                
[2m  5/5[m                                                 │                                                                
                                                      │                                                                
                                                      │                                                                